// Jest Snapshot v1, https://goo.gl/fbAQLP

exports[`Native Footer should render the Footer component correctly 1`] = `
<View
  style={
    Object {
      "backgroundColor": "#112E50",
      "flexDirection": "row",
    }
  }
>
  <View
    accessibilityComponentType={undefined}
    accessibilityLabel={undefined}
    accessibilityTraits={undefined}
    accessible={true}
    hitSlop={undefined}
    onLayout={undefined}
    onResponderGrant={[Function]}
    onResponderMove={[Function]}
    onResponderRelease={[Function]}
    onResponderTerminate={[Function]}
    onResponderTerminationRequest={[Function]}
    onStartShouldSetResponder={[Function]}
    style={
      Array [
        Object {
          "backgroundColor": "transparent",
        },
        Object {
          "flex": 1,
          "height": 50,
          "paddingBottom": 5,
          "paddingTop": 5,
        },
      ]
    }
    testID={undefined}
  >
    <View
      style={
        Object {
          "alignItems": "center",
          "flex": 1,
          "flexDirection": "column",
          "justifyContent": "space-around",
        }
      }
    >
      <Image
        source={1}
        style={
          Object {
            "height": 25,
            "padding": 5,
            "width": 25,
          }
        }
      />
      <Text
        accessible={true}
        allowFontScaling={true}
        ellipsizeMode="tail"
        style={
          Object {
            "color": "#FFF",
            "textAlign": "center",
          }
        }
      >
        Bills
      </Text>
    </View>
  </View>
  <View
    accessibilityComponentType={undefined}
    accessibilityLabel={undefined}
    accessibilityTraits={undefined}
    accessible={true}
    hitSlop={undefined}
    onLayout={undefined}
    onResponderGrant={[Function]}
    onResponderMove={[Function]}
    onResponderRelease={[Function]}
    onResponderTerminate={[Function]}
    onResponderTerminationRequest={[Function]}
    onStartShouldSetResponder={[Function]}
    style={
      Array [
        Object {
          "backgroundColor": "transparent",
        },
        Object {
          "flex": 1,
          "height": 50,
          "paddingBottom": 5,
          "paddingTop": 5,
        },
      ]
    }
    testID={undefined}
  >
    <View
      style={
        Object {
          "alignItems": "center",
          "flex": 1,
          "flexDirection": "column",
          "justifyContent": "space-around",
        }
      }
    >
      <Image
        source={1}
        style={
          Object {
            "height": 25,
            "padding": 5,
            "width": 25,
          }
        }
      />
      <Text
        accessible={true}
        allowFontScaling={true}
        ellipsizeMode="tail"
        style={
          Object {
            "color": "#FFF",
            "textAlign": "center",
          }
        }
      >
        Congress
      </Text>
    </View>
  </View>
  <View
    accessibilityComponentType={undefined}
    accessibilityLabel={undefined}
    accessibilityTraits={undefined}
    accessible={true}
    hitSlop={undefined}
    onLayout={undefined}
    onResponderGrant={[Function]}
    onResponderMove={[Function]}
    onResponderRelease={[Function]}
    onResponderTerminate={[Function]}
    onResponderTerminationRequest={[Function]}
    onStartShouldSetResponder={[Function]}
    style={
      Array [
        Object {
          "backgroundColor": "transparent",
        },
        Object {
          "flex": 1,
          "height": 50,
          "paddingBottom": 5,
          "paddingTop": 5,
        },
      ]
    }
    testID={undefined}
  >
    <View
      style={
        Object {
          "alignItems": "center",
          "flex": 1,
          "flexDirection": "column",
          "justifyContent": "space-around",
        }
      }
    >
      <Image
        source={1}
        style={
          Object {
            "height": 25,
            "padding": 5,
            "width": 25,
          }
        }
      />
      <Text
        accessible={true}
        allowFontScaling={true}
        ellipsizeMode="tail"
        style={
          Object {
            "color": "#FFF",
            "textAlign": "center",
          }
        }
      >
        Notifications
      </Text>
    </View>
  </View>
  <View
    accessibilityComponentType={undefined}
    accessibilityLabel={undefined}
    accessibilityTraits={undefined}
    accessible={true}
    hitSlop={undefined}
    onLayout={undefined}
    onResponderGrant={[Function]}
    onResponderMove={[Function]}
    onResponderRelease={[Function]}
    onResponderTerminate={[Function]}
    onResponderTerminationRequest={[Function]}
    onStartShouldSetResponder={[Function]}
    style={
      Array [
        Object {
          "backgroundColor": "transparent",
        },
        Object {
          "flex": 1,
          "height": 50,
          "paddingBottom": 5,
          "paddingTop": 5,
        },
      ]
    }
    testID={undefined}
  >
    <View
      style={
        Object {
          "alignItems": "center",
          "flex": 1,
          "flexDirection": "column",
          "justifyContent": "space-around",
        }
      }
    >
      <Image
        source={1}
        style={
          Object {
            "height": 25,
            "padding": 5,
            "width": 25,
          }
        }
      />
      <Text
        accessible={true}
        allowFontScaling={true}
        ellipsizeMode="tail"
        style={
          Object {
            "color": "#FFF",
            "textAlign": "center",
          }
        }
      >
        Dev
      </Text>
    </View>
  </View>
</View>
`;
