// Jest Snapshot v1, https://goo.gl/fbAQLP

exports[`Native DrawerContent should render the DrawerContent component correctly 1`] = `
<ScrollView
  style={
    Object {
      "flex": 1,
      "paddingBottom": 20,
      "paddingTop": 20,
    }
  }
>
  <View
    style={
      Array [
        Object {
          "borderBottomColor": "#D8D8D8",
          "borderBottomWidth": 1,
          "borderLeftColor": "#D8D8D8",
          "borderLeftWidth": 1,
        },
        Object {
          "borderBottomColor": "#466891",
          "borderLeftColor": "#466891",
        },
      ]
    }
  >
    <View
      accessibilityComponentType={undefined}
      accessibilityLabel={undefined}
      accessibilityTraits={undefined}
      accessible={true}
      hitSlop={undefined}
      onLayout={undefined}
      onResponderGrant={[Function]}
      onResponderMove={[Function]}
      onResponderRelease={[Function]}
      onResponderTerminate={[Function]}
      onResponderTerminationRequest={[Function]}
      onStartShouldSetResponder={[Function]}
      style={
        Object {
          "alignItems": "center",
          "backgroundColor": "#466891",
          "flexDirection": "row",
          "justifyContent": "space-between",
          "opacity": 1,
          "paddingLeft": 5,
          "paddingRight": 5,
        }
      }
      testID={undefined}
    >
      <View
        style={
          Object {
            "alignItems": "center",
            "flexDirection": "row",
          }
        }
      >
        <Text
          accessible={true}
          allowFontScaling={true}
          ellipsizeMode="tail"
          style={
            Array [
              Object {
                "color": undefined,
                "fontFamily": "HelveticaNeue",
                "fontSize": 20,
                "marginVertical": 10,
              },
              Object {
                "color": "white",
              },
            ]
          }
        >
          Sort decending By:
        </Text>
      </View>
      <Image
        source={1}
        style={
          Object {
            "height": 20,
            "marginBottom": 15,
            "marginLeft": 15,
            "marginRight": 15,
            "marginTop": 15,
            "width": 20,
          }
        }
      />
    </View>
  </View>
  <View
    style={
      Array [
        Object {
          "borderBottomColor": "#D8D8D8",
          "borderBottomWidth": 1,
          "borderLeftColor": "#D8D8D8",
          "borderLeftWidth": 1,
        },
        Object {},
      ]
    }
  >
    <View
      accessibilityComponentType={undefined}
      accessibilityLabel={undefined}
      accessibilityTraits={undefined}
      accessible={true}
      hitSlop={undefined}
      onLayout={undefined}
      onResponderGrant={[Function]}
      onResponderMove={[Function]}
      onResponderRelease={[Function]}
      onResponderTerminate={[Function]}
      onResponderTerminationRequest={[Function]}
      onStartShouldSetResponder={[Function]}
      style={
        Object {
          "alignItems": "center",
          "backgroundColor": "white",
          "flexDirection": "row",
          "justifyContent": "space-between",
          "opacity": 1,
          "paddingLeft": 5,
          "paddingRight": 5,
        }
      }
      testID={undefined}
    >
      <View
        style={
          Object {
            "alignItems": "center",
            "flexDirection": "row",
          }
        }
      >
        <Image
          source={1}
          style={
            Object {
              "height": 30,
              "marginBottom": 10,
              "marginLeft": 10,
              "marginRight": 10,
              "marginTop": 10,
              "width": 30,
            }
          }
        />
        <Text
          accessible={true}
          allowFontScaling={true}
          ellipsizeMode="tail"
          style={
            Array [
              Object {
                "color": undefined,
                "fontFamily": "HelveticaNeue",
                "fontSize": 20,
                "marginVertical": 10,
              },
              Object {},
            ]
          }
        >
          Bill Progress
        </Text>
      </View>
      <Image
        source={1}
        style={
          Object {
            "height": 20,
            "marginBottom": 15,
            "marginLeft": 15,
            "marginRight": 15,
            "marginTop": 15,
            "width": 20,
          }
        }
      />
    </View>
  </View>
  <View
    style={
      Array [
        Object {
          "borderBottomColor": "#D8D8D8",
          "borderBottomWidth": 1,
          "borderLeftColor": "#D8D8D8",
          "borderLeftWidth": 1,
        },
        Object {},
      ]
    }
  >
    <View
      accessibilityComponentType={undefined}
      accessibilityLabel={undefined}
      accessibilityTraits={undefined}
      accessible={true}
      hitSlop={undefined}
      onLayout={undefined}
      onResponderGrant={[Function]}
      onResponderMove={[Function]}
      onResponderRelease={[Function]}
      onResponderTerminate={[Function]}
      onResponderTerminationRequest={[Function]}
      onStartShouldSetResponder={[Function]}
      style={
        Object {
          "alignItems": "center",
          "backgroundColor": "white",
          "flexDirection": "row",
          "justifyContent": "flex-start",
          "opacity": 1,
          "paddingLeft": 5,
          "paddingRight": 5,
        }
      }
      testID={undefined}
    >
      <View
        style={
          Object {
            "alignItems": "center",
            "flexDirection": "row",
          }
        }
      >
        <Image
          source={1}
          style={
            Object {
              "height": 30,
              "marginBottom": 10,
              "marginLeft": 10,
              "marginRight": 10,
              "marginTop": 10,
              "width": 30,
            }
          }
        />
        <Text
          accessible={true}
          allowFontScaling={true}
          ellipsizeMode="tail"
          style={
            Array [
              Object {
                "color": undefined,
                "fontFamily": "HelveticaNeue",
                "fontSize": 20,
                "marginVertical": 10,
              },
              Object {},
            ]
          }
        >
          Date Introduced
        </Text>
      </View>
    </View>
  </View>
  <View
    style={
      Array [
        Object {
          "borderBottomColor": "#D8D8D8",
          "borderBottomWidth": 1,
          "borderLeftColor": "#D8D8D8",
          "borderLeftWidth": 1,
        },
        Object {},
      ]
    }
  >
    <View
      accessibilityComponentType={undefined}
      accessibilityLabel={undefined}
      accessibilityTraits={undefined}
      accessible={true}
      hitSlop={undefined}
      onLayout={undefined}
      onResponderGrant={[Function]}
      onResponderMove={[Function]}
      onResponderRelease={[Function]}
      onResponderTerminate={[Function]}
      onResponderTerminationRequest={[Function]}
      onStartShouldSetResponder={[Function]}
      style={
        Object {
          "alignItems": "center",
          "backgroundColor": "white",
          "flexDirection": "row",
          "justifyContent": "flex-start",
          "opacity": 1,
          "paddingLeft": 5,
          "paddingRight": 5,
        }
      }
      testID={undefined}
    >
      <View
        style={
          Object {
            "alignItems": "center",
            "flexDirection": "row",
          }
        }
      >
        <Image
          source={1}
          style={
            Object {
              "height": 30,
              "marginBottom": 10,
              "marginLeft": 10,
              "marginRight": 10,
              "marginTop": 10,
              "width": 30,
            }
          }
        />
        <Text
          accessible={true}
          allowFontScaling={true}
          ellipsizeMode="tail"
          style={
            Array [
              Object {
                "color": undefined,
                "fontFamily": "HelveticaNeue",
                "fontSize": 20,
                "marginVertical": 10,
              },
              Object {},
            ]
          }
        >
          Last Action
        </Text>
      </View>
    </View>
  </View>
  <View
    style={
      Array [
        Object {
          "borderBottomColor": "#D8D8D8",
          "borderBottomWidth": 1,
          "borderLeftColor": "#D8D8D8",
          "borderLeftWidth": 1,
        },
        Object {
          "borderBottomColor": "#466891",
          "borderLeftColor": "#466891",
        },
      ]
    }
  >
    <View
      accessibilityComponentType={undefined}
      accessibilityLabel={undefined}
      accessibilityTraits={undefined}
      accessible={true}
      hitSlop={undefined}
      onLayout={undefined}
      onResponderGrant={[Function]}
      onResponderMove={[Function]}
      onResponderRelease={[Function]}
      onResponderTerminate={[Function]}
      onResponderTerminationRequest={[Function]}
      onStartShouldSetResponder={[Function]}
      style={
        Object {
          "alignItems": "center",
          "backgroundColor": "#466891",
          "flexDirection": "row",
          "justifyContent": "space-between",
          "opacity": 1,
          "paddingLeft": 5,
          "paddingRight": 5,
        }
      }
      testID={undefined}
    >
      <View
        style={
          Object {
            "alignItems": "center",
            "flexDirection": "row",
          }
        }
      >
        <Text
          accessible={true}
          allowFontScaling={true}
          ellipsizeMode="tail"
          style={
            Array [
              Object {
                "color": undefined,
                "fontFamily": "HelveticaNeue",
                "fontSize": 20,
                "marginVertical": 10,
              },
              Object {
                "color": "white",
              },
            ]
          }
        >
          Filter By Status:
        </Text>
      </View>
    </View>
  </View>
  <View
    style={
      Array [
        Object {
          "borderBottomColor": "#D8D8D8",
          "borderBottomWidth": 1,
          "borderLeftColor": "#D8D8D8",
          "borderLeftWidth": 1,
        },
        Object {},
      ]
    }
  >
    <View
      accessibilityComponentType={undefined}
      accessibilityLabel={undefined}
      accessibilityTraits={undefined}
      accessible={true}
      hitSlop={undefined}
      onLayout={undefined}
      onResponderGrant={[Function]}
      onResponderMove={[Function]}
      onResponderRelease={[Function]}
      onResponderTerminate={[Function]}
      onResponderTerminationRequest={[Function]}
      onStartShouldSetResponder={[Function]}
      style={
        Object {
          "alignItems": "center",
          "backgroundColor": "white",
          "flexDirection": "row",
          "justifyContent": "space-between",
          "opacity": 1,
          "paddingLeft": 5,
          "paddingRight": 5,
        }
      }
      testID={undefined}
    >
      <View
        style={
          Object {
            "alignItems": "center",
            "flexDirection": "row",
          }
        }
      >
        <Image
          source={1}
          style={
            Object {
              "height": 30,
              "marginBottom": 10,
              "marginLeft": 10,
              "marginRight": 10,
              "marginTop": 10,
              "width": 30,
            }
          }
        />
        <Text
          accessible={true}
          allowFontScaling={true}
          ellipsizeMode="tail"
          style={
            Array [
              Object {
                "color": undefined,
                "fontFamily": "HelveticaNeue",
                "fontSize": 20,
                "marginVertical": 10,
              },
              Object {},
            ]
          }
        >
          Active
        </Text>
      </View>
      <Image
        source={1}
        style={
          Object {
            "height": 20,
            "marginBottom": 15,
            "marginLeft": 15,
            "marginRight": 15,
            "marginTop": 15,
            "width": 20,
          }
        }
      />
    </View>
  </View>
  <View
    style={
      Array [
        Object {
          "borderBottomColor": "#D8D8D8",
          "borderBottomWidth": 1,
          "borderLeftColor": "#D8D8D8",
          "borderLeftWidth": 1,
        },
        Object {},
      ]
    }
  >
    <View
      accessibilityComponentType={undefined}
      accessibilityLabel={undefined}
      accessibilityTraits={undefined}
      accessible={true}
      hitSlop={undefined}
      onLayout={undefined}
      onResponderGrant={[Function]}
      onResponderMove={[Function]}
      onResponderRelease={[Function]}
      onResponderTerminate={[Function]}
      onResponderTerminationRequest={[Function]}
      onStartShouldSetResponder={[Function]}
      style={
        Object {
          "alignItems": "center",
          "backgroundColor": "white",
          "flexDirection": "row",
          "justifyContent": "flex-start",
          "opacity": 1,
          "paddingLeft": 5,
          "paddingRight": 5,
        }
      }
      testID={undefined}
    >
      <View
        style={
          Object {
            "alignItems": "center",
            "flexDirection": "row",
          }
        }
      >
        <Image
          source={1}
          style={
            Object {
              "height": 30,
              "marginBottom": 10,
              "marginLeft": 10,
              "marginRight": 10,
              "marginTop": 10,
              "width": 30,
            }
          }
        />
        <Text
          accessible={true}
          allowFontScaling={true}
          ellipsizeMode="tail"
          style={
            Array [
              Object {
                "color": undefined,
                "fontFamily": "HelveticaNeue",
                "fontSize": 20,
                "marginVertical": 10,
              },
              Object {},
            ]
          }
        >
          Tabled
        </Text>
      </View>
    </View>
  </View>
  <View
    style={
      Array [
        Object {
          "borderBottomColor": "#D8D8D8",
          "borderBottomWidth": 1,
          "borderLeftColor": "#D8D8D8",
          "borderLeftWidth": 1,
        },
        Object {},
      ]
    }
  >
    <View
      accessibilityComponentType={undefined}
      accessibilityLabel={undefined}
      accessibilityTraits={undefined}
      accessible={true}
      hitSlop={undefined}
      onLayout={undefined}
      onResponderGrant={[Function]}
      onResponderMove={[Function]}
      onResponderRelease={[Function]}
      onResponderTerminate={[Function]}
      onResponderTerminationRequest={[Function]}
      onStartShouldSetResponder={[Function]}
      style={
        Object {
          "alignItems": "center",
          "backgroundColor": "white",
          "flexDirection": "row",
          "justifyContent": "flex-start",
          "opacity": 1,
          "paddingLeft": 5,
          "paddingRight": 5,
        }
      }
      testID={undefined}
    >
      <View
        style={
          Object {
            "alignItems": "center",
            "flexDirection": "row",
          }
        }
      >
        <Image
          source={1}
          style={
            Object {
              "height": 30,
              "marginBottom": 10,
              "marginLeft": 10,
              "marginRight": 10,
              "marginTop": 10,
              "width": 30,
            }
          }
        />
        <Text
          accessible={true}
          allowFontScaling={true}
          ellipsizeMode="tail"
          style={
            Array [
              Object {
                "color": undefined,
                "fontFamily": "HelveticaNeue",
                "fontSize": 20,
                "marginVertical": 10,
              },
              Object {},
            ]
          }
        >
          Failed
        </Text>
      </View>
    </View>
  </View>
  <View
    style={
      Array [
        Object {
          "borderBottomColor": "#D8D8D8",
          "borderBottomWidth": 1,
          "borderLeftColor": "#D8D8D8",
          "borderLeftWidth": 1,
        },
        Object {},
      ]
    }
  >
    <View
      accessibilityComponentType={undefined}
      accessibilityLabel={undefined}
      accessibilityTraits={undefined}
      accessible={true}
      hitSlop={undefined}
      onLayout={undefined}
      onResponderGrant={[Function]}
      onResponderMove={[Function]}
      onResponderRelease={[Function]}
      onResponderTerminate={[Function]}
      onResponderTerminationRequest={[Function]}
      onStartShouldSetResponder={[Function]}
      style={
        Object {
          "alignItems": "center",
          "backgroundColor": "white",
          "flexDirection": "row",
          "justifyContent": "flex-start",
          "opacity": 1,
          "paddingLeft": 5,
          "paddingRight": 5,
        }
      }
      testID={undefined}
    >
      <View
        style={
          Object {
            "alignItems": "center",
            "flexDirection": "row",
          }
        }
      >
        <Image
          source={1}
          style={
            Object {
              "height": 30,
              "marginBottom": 10,
              "marginLeft": 10,
              "marginRight": 10,
              "marginTop": 10,
              "width": 30,
            }
          }
        />
        <Text
          accessible={true}
          allowFontScaling={true}
          ellipsizeMode="tail"
          style={
            Array [
              Object {
                "color": undefined,
                "fontFamily": "HelveticaNeue",
                "fontSize": 20,
                "marginVertical": 10,
              },
              Object {},
            ]
          }
        >
          Enacted
        </Text>
      </View>
    </View>
  </View>
  <View
    style={
      Array [
        Object {
          "borderBottomColor": "#D8D8D8",
          "borderBottomWidth": 1,
          "borderLeftColor": "#D8D8D8",
          "borderLeftWidth": 1,
        },
        Object {},
      ]
    }
  >
    <View
      accessibilityComponentType={undefined}
      accessibilityLabel={undefined}
      accessibilityTraits={undefined}
      accessible={true}
      hitSlop={undefined}
      onLayout={undefined}
      onResponderGrant={[Function]}
      onResponderMove={[Function]}
      onResponderRelease={[Function]}
      onResponderTerminate={[Function]}
      onResponderTerminationRequest={[Function]}
      onStartShouldSetResponder={[Function]}
      style={
        Object {
          "alignItems": "center",
          "backgroundColor": "white",
          "flexDirection": "row",
          "justifyContent": "flex-start",
          "opacity": 1,
          "paddingLeft": 5,
          "paddingRight": 5,
        }
      }
      testID={undefined}
    >
      <View
        style={
          Object {
            "alignItems": "center",
            "flexDirection": "row",
          }
        }
      >
        <Image
          source={1}
          style={
            Object {
              "height": 30,
              "marginBottom": 10,
              "marginLeft": 10,
              "marginRight": 10,
              "marginTop": 10,
              "width": 30,
            }
          }
        />
        <Text
          accessible={true}
          allowFontScaling={true}
          ellipsizeMode="tail"
          style={
            Array [
              Object {
                "color": undefined,
                "fontFamily": "HelveticaNeue",
                "fontSize": 20,
                "marginVertical": 10,
              },
              Object {},
            ]
          }
        >
          My Bills
        </Text>
      </View>
    </View>
  </View>
  <View
    style={
      Array [
        Object {
          "borderBottomColor": "#D8D8D8",
          "borderBottomWidth": 1,
          "borderLeftColor": "#D8D8D8",
          "borderLeftWidth": 1,
        },
        Object {
          "borderBottomColor": "#466891",
          "borderLeftColor": "#466891",
        },
      ]
    }
  >
    <View
      accessibilityComponentType={undefined}
      accessibilityLabel={undefined}
      accessibilityTraits={undefined}
      accessible={true}
      hitSlop={undefined}
      onLayout={undefined}
      onResponderGrant={[Function]}
      onResponderMove={[Function]}
      onResponderRelease={[Function]}
      onResponderTerminate={[Function]}
      onResponderTerminationRequest={[Function]}
      onStartShouldSetResponder={[Function]}
      style={
        Object {
          "alignItems": "center",
          "backgroundColor": "#466891",
          "flexDirection": "row",
          "justifyContent": "space-between",
          "opacity": 1,
          "paddingLeft": 5,
          "paddingRight": 5,
        }
      }
      testID={undefined}
    >
      <View
        style={
          Object {
            "alignItems": "center",
            "flexDirection": "row",
          }
        }
      >
        <Text
          accessible={true}
          allowFontScaling={true}
          ellipsizeMode="tail"
          style={
            Array [
              Object {
                "color": undefined,
                "fontFamily": "HelveticaNeue",
                "fontSize": 20,
                "marginVertical": 10,
              },
              Object {
                "color": "white",
              },
            ]
          }
        >
          Filter By Issue:
        </Text>
      </View>
    </View>
  </View>
  <View
    style={
      Array [
        Object {
          "borderBottomColor": "#D8D8D8",
          "borderBottomWidth": 1,
          "borderLeftColor": "#D8D8D8",
          "borderLeftWidth": 1,
        },
        Object {},
      ]
    }
  >
    <View
      accessibilityComponentType={undefined}
      accessibilityLabel={undefined}
      accessibilityTraits={undefined}
      accessible={true}
      hitSlop={undefined}
      onLayout={undefined}
      onResponderGrant={[Function]}
      onResponderMove={[Function]}
      onResponderRelease={[Function]}
      onResponderTerminate={[Function]}
      onResponderTerminationRequest={[Function]}
      onStartShouldSetResponder={[Function]}
      style={
        Object {
          "alignItems": "center",
          "backgroundColor": "white",
          "flexDirection": "row",
          "justifyContent": "flex-start",
          "opacity": 1,
          "paddingLeft": 5,
          "paddingRight": 5,
        }
      }
      testID={undefined}
    >
      <View
        style={
          Object {
            "alignItems": "center",
            "flexDirection": "row",
          }
        }
      >
        <Image
          source={1}
          style={
            Object {
              "height": 30,
              "marginBottom": 10,
              "marginLeft": 10,
              "marginRight": 10,
              "marginTop": 10,
              "width": 30,
            }
          }
        />
        <Text
          accessible={true}
          allowFontScaling={true}
          ellipsizeMode="tail"
          style={
            Array [
              Object {
                "color": undefined,
                "fontFamily": "HelveticaNeue",
                "fontSize": 20,
                "marginVertical": 10,
              },
              Object {},
            ]
          }
        >
          Education
        </Text>
      </View>
    </View>
  </View>
  <View
    style={
      Array [
        Object {
          "borderBottomColor": "#D8D8D8",
          "borderBottomWidth": 1,
          "borderLeftColor": "#D8D8D8",
          "borderLeftWidth": 1,
        },
        Object {},
      ]
    }
  >
    <View
      accessibilityComponentType={undefined}
      accessibilityLabel={undefined}
      accessibilityTraits={undefined}
      accessible={true}
      hitSlop={undefined}
      onLayout={undefined}
      onResponderGrant={[Function]}
      onResponderMove={[Function]}
      onResponderRelease={[Function]}
      onResponderTerminate={[Function]}
      onResponderTerminationRequest={[Function]}
      onStartShouldSetResponder={[Function]}
      style={
        Object {
          "alignItems": "center",
          "backgroundColor": "white",
          "flexDirection": "row",
          "justifyContent": "flex-start",
          "opacity": 1,
          "paddingLeft": 5,
          "paddingRight": 5,
        }
      }
      testID={undefined}
    >
      <View
        style={
          Object {
            "alignItems": "center",
            "flexDirection": "row",
          }
        }
      >
        <Image
          source={1}
          style={
            Object {
              "height": 30,
              "marginBottom": 10,
              "marginLeft": 10,
              "marginRight": 10,
              "marginTop": 10,
              "width": 30,
            }
          }
        />
        <Text
          accessible={true}
          allowFontScaling={true}
          ellipsizeMode="tail"
          style={
            Array [
              Object {
                "color": undefined,
                "fontFamily": "HelveticaNeue",
                "fontSize": 20,
                "marginVertical": 10,
              },
              Object {},
            ]
          }
        >
          Health Care
        </Text>
      </View>
    </View>
  </View>
  <View
    style={
      Array [
        Object {
          "borderBottomColor": "#D8D8D8",
          "borderBottomWidth": 1,
          "borderLeftColor": "#D8D8D8",
          "borderLeftWidth": 1,
        },
        Object {},
      ]
    }
  >
    <View
      accessibilityComponentType={undefined}
      accessibilityLabel={undefined}
      accessibilityTraits={undefined}
      accessible={true}
      hitSlop={undefined}
      onLayout={undefined}
      onResponderGrant={[Function]}
      onResponderMove={[Function]}
      onResponderRelease={[Function]}
      onResponderTerminate={[Function]}
      onResponderTerminationRequest={[Function]}
      onStartShouldSetResponder={[Function]}
      style={
        Object {
          "alignItems": "center",
          "backgroundColor": "white",
          "flexDirection": "row",
          "justifyContent": "flex-start",
          "opacity": 1,
          "paddingLeft": 5,
          "paddingRight": 5,
        }
      }
      testID={undefined}
    >
      <View
        style={
          Object {
            "alignItems": "center",
            "flexDirection": "row",
          }
        }
      >
        <Image
          source={1}
          style={
            Object {
              "height": 30,
              "marginBottom": 10,
              "marginLeft": 10,
              "marginRight": 10,
              "marginTop": 10,
              "width": 30,
            }
          }
        />
        <Text
          accessible={true}
          allowFontScaling={true}
          ellipsizeMode="tail"
          style={
            Array [
              Object {
                "color": undefined,
                "fontFamily": "HelveticaNeue",
                "fontSize": 20,
                "marginVertical": 10,
              },
              Object {},
            ]
          }
        >
          Energy
        </Text>
      </View>
    </View>
  </View>
  <View
    style={
      Array [
        Object {
          "borderBottomColor": "#D8D8D8",
          "borderBottomWidth": 1,
          "borderLeftColor": "#D8D8D8",
          "borderLeftWidth": 1,
        },
        Object {},
      ]
    }
  >
    <View
      accessibilityComponentType={undefined}
      accessibilityLabel={undefined}
      accessibilityTraits={undefined}
      accessible={true}
      hitSlop={undefined}
      onLayout={undefined}
      onResponderGrant={[Function]}
      onResponderMove={[Function]}
      onResponderRelease={[Function]}
      onResponderTerminate={[Function]}
      onResponderTerminationRequest={[Function]}
      onStartShouldSetResponder={[Function]}
      style={
        Object {
          "alignItems": "center",
          "backgroundColor": "white",
          "flexDirection": "row",
          "justifyContent": "flex-start",
          "opacity": 1,
          "paddingLeft": 5,
          "paddingRight": 5,
        }
      }
      testID={undefined}
    >
      <View
        style={
          Object {
            "alignItems": "center",
            "flexDirection": "row",
          }
        }
      >
        <Image
          source={1}
          style={
            Object {
              "height": 30,
              "marginBottom": 10,
              "marginLeft": 10,
              "marginRight": 10,
              "marginTop": 10,
              "width": 30,
            }
          }
        />
        <Text
          accessible={true}
          allowFontScaling={true}
          ellipsizeMode="tail"
          style={
            Array [
              Object {
                "color": undefined,
                "fontFamily": "HelveticaNeue",
                "fontSize": 20,
                "marginVertical": 10,
              },
              Object {},
            ]
          }
        >
          Environment
        </Text>
      </View>
    </View>
  </View>
  <View
    style={
      Array [
        Object {
          "borderBottomColor": "#D8D8D8",
          "borderBottomWidth": 1,
          "borderLeftColor": "#D8D8D8",
          "borderLeftWidth": 1,
        },
        Object {},
      ]
    }
  >
    <View
      accessibilityComponentType={undefined}
      accessibilityLabel={undefined}
      accessibilityTraits={undefined}
      accessible={true}
      hitSlop={undefined}
      onLayout={undefined}
      onResponderGrant={[Function]}
      onResponderMove={[Function]}
      onResponderRelease={[Function]}
      onResponderTerminate={[Function]}
      onResponderTerminationRequest={[Function]}
      onStartShouldSetResponder={[Function]}
      style={
        Object {
          "alignItems": "center",
          "backgroundColor": "white",
          "flexDirection": "row",
          "justifyContent": "flex-start",
          "opacity": 1,
          "paddingLeft": 5,
          "paddingRight": 5,
        }
      }
      testID={undefined}
    >
      <View
        style={
          Object {
            "alignItems": "center",
            "flexDirection": "row",
          }
        }
      >
        <Image
          source={1}
          style={
            Object {
              "height": 30,
              "marginBottom": 10,
              "marginLeft": 10,
              "marginRight": 10,
              "marginTop": 10,
              "width": 30,
            }
          }
        />
        <Text
          accessible={true}
          allowFontScaling={true}
          ellipsizeMode="tail"
          style={
            Array [
              Object {
                "color": undefined,
                "fontFamily": "HelveticaNeue",
                "fontSize": 20,
                "marginVertical": 10,
              },
              Object {},
            ]
          }
        >
          Military
        </Text>
      </View>
    </View>
  </View>
  <View
    style={
      Array [
        Object {
          "borderBottomColor": "#D8D8D8",
          "borderBottomWidth": 1,
          "borderLeftColor": "#D8D8D8",
          "borderLeftWidth": 1,
        },
        Object {},
      ]
    }
  >
    <View
      accessibilityComponentType={undefined}
      accessibilityLabel={undefined}
      accessibilityTraits={undefined}
      accessible={true}
      hitSlop={undefined}
      onLayout={undefined}
      onResponderGrant={[Function]}
      onResponderMove={[Function]}
      onResponderRelease={[Function]}
      onResponderTerminate={[Function]}
      onResponderTerminationRequest={[Function]}
      onStartShouldSetResponder={[Function]}
      style={
        Object {
          "alignItems": "center",
          "backgroundColor": "white",
          "flexDirection": "row",
          "justifyContent": "flex-start",
          "opacity": 1,
          "paddingLeft": 5,
          "paddingRight": 5,
        }
      }
      testID={undefined}
    >
      <View
        style={
          Object {
            "alignItems": "center",
            "flexDirection": "row",
          }
        }
      >
        <Image
          source={1}
          style={
            Object {
              "height": 30,
              "marginBottom": 10,
              "marginLeft": 10,
              "marginRight": 10,
              "marginTop": 10,
              "width": 30,
            }
          }
        />
        <Text
          accessible={true}
          allowFontScaling={true}
          ellipsizeMode="tail"
          style={
            Array [
              Object {
                "color": undefined,
                "fontFamily": "HelveticaNeue",
                "fontSize": 20,
                "marginVertical": 10,
              },
              Object {},
            ]
          }
        >
          East Asia
        </Text>
      </View>
    </View>
  </View>
  <View
    style={
      Array [
        Object {
          "borderBottomColor": "#D8D8D8",
          "borderBottomWidth": 1,
          "borderLeftColor": "#D8D8D8",
          "borderLeftWidth": 1,
        },
        Object {},
      ]
    }
  >
    <View
      accessibilityComponentType={undefined}
      accessibilityLabel={undefined}
      accessibilityTraits={undefined}
      accessible={true}
      hitSlop={undefined}
      onLayout={undefined}
      onResponderGrant={[Function]}
      onResponderMove={[Function]}
      onResponderRelease={[Function]}
      onResponderTerminate={[Function]}
      onResponderTerminationRequest={[Function]}
      onStartShouldSetResponder={[Function]}
      style={
        Object {
          "alignItems": "center",
          "backgroundColor": "white",
          "flexDirection": "row",
          "justifyContent": "flex-start",
          "opacity": 1,
          "paddingLeft": 5,
          "paddingRight": 5,
        }
      }
      testID={undefined}
    >
      <View
        style={
          Object {
            "alignItems": "center",
            "flexDirection": "row",
          }
        }
      >
        <Image
          source={1}
          style={
            Object {
              "height": 30,
              "marginBottom": 10,
              "marginLeft": 10,
              "marginRight": 10,
              "marginTop": 10,
              "width": 30,
            }
          }
        />
        <Text
          accessible={true}
          allowFontScaling={true}
          ellipsizeMode="tail"
          style={
            Array [
              Object {
                "color": undefined,
                "fontFamily": "HelveticaNeue",
                "fontSize": 20,
                "marginVertical": 10,
              },
              Object {},
            ]
          }
        >
          Central Asia
        </Text>
      </View>
    </View>
  </View>
  <View
    style={
      Array [
        Object {
          "borderBottomColor": "#D8D8D8",
          "borderBottomWidth": 1,
          "borderLeftColor": "#D8D8D8",
          "borderLeftWidth": 1,
        },
        Object {},
      ]
    }
  >
    <View
      accessibilityComponentType={undefined}
      accessibilityLabel={undefined}
      accessibilityTraits={undefined}
      accessible={true}
      hitSlop={undefined}
      onLayout={undefined}
      onResponderGrant={[Function]}
      onResponderMove={[Function]}
      onResponderRelease={[Function]}
      onResponderTerminate={[Function]}
      onResponderTerminationRequest={[Function]}
      onStartShouldSetResponder={[Function]}
      style={
        Object {
          "alignItems": "center",
          "backgroundColor": "white",
          "flexDirection": "row",
          "justifyContent": "flex-start",
          "opacity": 1,
          "paddingLeft": 5,
          "paddingRight": 5,
        }
      }
      testID={undefined}
    >
      <View
        style={
          Object {
            "alignItems": "center",
            "flexDirection": "row",
          }
        }
      >
        <Image
          source={1}
          style={
            Object {
              "height": 30,
              "marginBottom": 10,
              "marginLeft": 10,
              "marginRight": 10,
              "marginTop": 10,
              "width": 30,
            }
          }
        />
        <Text
          accessible={true}
          allowFontScaling={true}
          ellipsizeMode="tail"
          style={
            Array [
              Object {
                "color": undefined,
                "fontFamily": "HelveticaNeue",
                "fontSize": 20,
                "marginVertical": 10,
              },
              Object {},
            ]
          }
        >
          Middle East
        </Text>
      </View>
    </View>
  </View>
  <View
    style={
      Array [
        Object {
          "borderBottomColor": "#D8D8D8",
          "borderBottomWidth": 1,
          "borderLeftColor": "#D8D8D8",
          "borderLeftWidth": 1,
        },
        Object {},
      ]
    }
  >
    <View
      accessibilityComponentType={undefined}
      accessibilityLabel={undefined}
      accessibilityTraits={undefined}
      accessible={true}
      hitSlop={undefined}
      onLayout={undefined}
      onResponderGrant={[Function]}
      onResponderMove={[Function]}
      onResponderRelease={[Function]}
      onResponderTerminate={[Function]}
      onResponderTerminationRequest={[Function]}
      onStartShouldSetResponder={[Function]}
      style={
        Object {
          "alignItems": "center",
          "backgroundColor": "white",
          "flexDirection": "row",
          "justifyContent": "flex-start",
          "opacity": 1,
          "paddingLeft": 5,
          "paddingRight": 5,
        }
      }
      testID={undefined}
    >
      <View
        style={
          Object {
            "alignItems": "center",
            "flexDirection": "row",
          }
        }
      >
        <Image
          source={1}
          style={
            Object {
              "height": 30,
              "marginBottom": 10,
              "marginLeft": 10,
              "marginRight": 10,
              "marginTop": 10,
              "width": 30,
            }
          }
        />
        <Text
          accessible={true}
          allowFontScaling={true}
          ellipsizeMode="tail"
          style={
            Array [
              Object {
                "color": undefined,
                "fontFamily": "HelveticaNeue",
                "fontSize": 20,
                "marginVertical": 10,
              },
              Object {},
            ]
          }
        >
          Economy
        </Text>
      </View>
    </View>
  </View>
  <View
    style={
      Array [
        Object {
          "borderBottomColor": "#D8D8D8",
          "borderBottomWidth": 1,
          "borderLeftColor": "#D8D8D8",
          "borderLeftWidth": 1,
        },
        Object {},
      ]
    }
  >
    <View
      accessibilityComponentType={undefined}
      accessibilityLabel={undefined}
      accessibilityTraits={undefined}
      accessible={true}
      hitSlop={undefined}
      onLayout={undefined}
      onResponderGrant={[Function]}
      onResponderMove={[Function]}
      onResponderRelease={[Function]}
      onResponderTerminate={[Function]}
      onResponderTerminationRequest={[Function]}
      onStartShouldSetResponder={[Function]}
      style={
        Object {
          "alignItems": "center",
          "backgroundColor": "white",
          "flexDirection": "row",
          "justifyContent": "flex-start",
          "opacity": 1,
          "paddingLeft": 5,
          "paddingRight": 5,
        }
      }
      testID={undefined}
    >
      <View
        style={
          Object {
            "alignItems": "center",
            "flexDirection": "row",
          }
        }
      >
        <Image
          source={1}
          style={
            Object {
              "height": 30,
              "marginBottom": 10,
              "marginLeft": 10,
              "marginRight": 10,
              "marginTop": 10,
              "width": 30,
            }
          }
        />
        <Text
          accessible={true}
          allowFontScaling={true}
          ellipsizeMode="tail"
          style={
            Array [
              Object {
                "color": undefined,
                "fontFamily": "HelveticaNeue",
                "fontSize": 20,
                "marginVertical": 10,
              },
              Object {},
            ]
          }
        >
          Agriculture
        </Text>
      </View>
    </View>
  </View>
  <View
    style={
      Array [
        Object {
          "borderBottomColor": "#D8D8D8",
          "borderBottomWidth": 1,
          "borderLeftColor": "#D8D8D8",
          "borderLeftWidth": 1,
        },
        Object {},
      ]
    }
  >
    <View
      accessibilityComponentType={undefined}
      accessibilityLabel={undefined}
      accessibilityTraits={undefined}
      accessible={true}
      hitSlop={undefined}
      onLayout={undefined}
      onResponderGrant={[Function]}
      onResponderMove={[Function]}
      onResponderRelease={[Function]}
      onResponderTerminate={[Function]}
      onResponderTerminationRequest={[Function]}
      onStartShouldSetResponder={[Function]}
      style={
        Object {
          "alignItems": "center",
          "backgroundColor": "white",
          "flexDirection": "row",
          "justifyContent": "flex-start",
          "opacity": 1,
          "paddingLeft": 5,
          "paddingRight": 5,
        }
      }
      testID={undefined}
    >
      <View
        style={
          Object {
            "alignItems": "center",
            "flexDirection": "row",
          }
        }
      >
        <Image
          source={1}
          style={
            Object {
              "height": 30,
              "marginBottom": 10,
              "marginLeft": 10,
              "marginRight": 10,
              "marginTop": 10,
              "width": 30,
            }
          }
        />
        <Text
          accessible={true}
          allowFontScaling={true}
          ellipsizeMode="tail"
          style={
            Array [
              Object {
                "color": undefined,
                "fontFamily": "HelveticaNeue",
                "fontSize": 20,
                "marginVertical": 10,
              },
              Object {},
            ]
          }
        >
          Crime
        </Text>
      </View>
    </View>
  </View>
  <View
    style={
      Array [
        Object {
          "borderBottomColor": "#D8D8D8",
          "borderBottomWidth": 1,
          "borderLeftColor": "#D8D8D8",
          "borderLeftWidth": 1,
        },
        Object {},
      ]
    }
  >
    <View
      accessibilityComponentType={undefined}
      accessibilityLabel={undefined}
      accessibilityTraits={undefined}
      accessible={true}
      hitSlop={undefined}
      onLayout={undefined}
      onResponderGrant={[Function]}
      onResponderMove={[Function]}
      onResponderRelease={[Function]}
      onResponderTerminate={[Function]}
      onResponderTerminationRequest={[Function]}
      onStartShouldSetResponder={[Function]}
      style={
        Object {
          "alignItems": "center",
          "backgroundColor": "white",
          "flexDirection": "row",
          "justifyContent": "flex-start",
          "opacity": 1,
          "paddingLeft": 5,
          "paddingRight": 5,
        }
      }
      testID={undefined}
    >
      <View
        style={
          Object {
            "alignItems": "center",
            "flexDirection": "row",
          }
        }
      >
        <Image
          source={1}
          style={
            Object {
              "height": 30,
              "marginBottom": 10,
              "marginLeft": 10,
              "marginRight": 10,
              "marginTop": 10,
              "width": 30,
            }
          }
        />
        <Text
          accessible={true}
          allowFontScaling={true}
          ellipsizeMode="tail"
          style={
            Array [
              Object {
                "color": undefined,
                "fontFamily": "HelveticaNeue",
                "fontSize": 20,
                "marginVertical": 10,
              },
              Object {},
            ]
          }
        >
          Women
        </Text>
      </View>
    </View>
  </View>
  <View
    style={
      Array [
        Object {
          "borderBottomColor": "#D8D8D8",
          "borderBottomWidth": 1,
          "borderLeftColor": "#D8D8D8",
          "borderLeftWidth": 1,
        },
        Object {},
      ]
    }
  >
    <View
      accessibilityComponentType={undefined}
      accessibilityLabel={undefined}
      accessibilityTraits={undefined}
      accessible={true}
      hitSlop={undefined}
      onLayout={undefined}
      onResponderGrant={[Function]}
      onResponderMove={[Function]}
      onResponderRelease={[Function]}
      onResponderTerminate={[Function]}
      onResponderTerminationRequest={[Function]}
      onStartShouldSetResponder={[Function]}
      style={
        Object {
          "alignItems": "center",
          "backgroundColor": "white",
          "flexDirection": "row",
          "justifyContent": "flex-start",
          "opacity": 1,
          "paddingLeft": 5,
          "paddingRight": 5,
        }
      }
      testID={undefined}
    >
      <View
        style={
          Object {
            "alignItems": "center",
            "flexDirection": "row",
          }
        }
      >
        <Image
          source={1}
          style={
            Object {
              "height": 30,
              "marginBottom": 10,
              "marginLeft": 10,
              "marginRight": 10,
              "marginTop": 10,
              "width": 30,
            }
          }
        />
        <Text
          accessible={true}
          allowFontScaling={true}
          ellipsizeMode="tail"
          style={
            Array [
              Object {
                "color": undefined,
                "fontFamily": "HelveticaNeue",
                "fontSize": 20,
                "marginVertical": 10,
              },
              Object {},
            ]
          }
        >
          LGBT
        </Text>
      </View>
    </View>
  </View>
</ScrollView>
`;

exports[`Native DrawerContent should render the DrawerContent container correctly 1`] = `
<ScrollView
  style={
    Object {
      "flex": 1,
      "paddingBottom": 20,
      "paddingTop": 20,
    }
  }
>
  <View
    style={
      Array [
        Object {
          "borderBottomColor": "#D8D8D8",
          "borderBottomWidth": 1,
          "borderLeftColor": "#D8D8D8",
          "borderLeftWidth": 1,
        },
        Object {
          "borderBottomColor": "#466891",
          "borderLeftColor": "#466891",
        },
      ]
    }
  >
    <View
      accessibilityComponentType={undefined}
      accessibilityLabel={undefined}
      accessibilityTraits={undefined}
      accessible={true}
      hitSlop={undefined}
      onLayout={undefined}
      onResponderGrant={[Function]}
      onResponderMove={[Function]}
      onResponderRelease={[Function]}
      onResponderTerminate={[Function]}
      onResponderTerminationRequest={[Function]}
      onStartShouldSetResponder={[Function]}
      style={
        Object {
          "alignItems": "center",
          "backgroundColor": "#466891",
          "flexDirection": "row",
          "justifyContent": "space-between",
          "opacity": 1,
          "paddingLeft": 5,
          "paddingRight": 5,
        }
      }
      testID={undefined}
    >
      <View
        style={
          Object {
            "alignItems": "center",
            "flexDirection": "row",
          }
        }
      >
        <Text
          accessible={true}
          allowFontScaling={true}
          ellipsizeMode="tail"
          style={
            Array [
              Object {
                "color": undefined,
                "fontFamily": "HelveticaNeue",
                "fontSize": 20,
                "marginVertical": 10,
              },
              Object {
                "color": "white",
              },
            ]
          }
        >
          Sort decending By:
        </Text>
      </View>
      <Image
        source={1}
        style={
          Object {
            "height": 20,
            "marginBottom": 15,
            "marginLeft": 15,
            "marginRight": 15,
            "marginTop": 15,
            "width": 20,
          }
        }
      />
    </View>
  </View>
  <View
    style={
      Array [
        Object {
          "borderBottomColor": "#D8D8D8",
          "borderBottomWidth": 1,
          "borderLeftColor": "#D8D8D8",
          "borderLeftWidth": 1,
        },
        Object {},
      ]
    }
  >
    <View
      accessibilityComponentType={undefined}
      accessibilityLabel={undefined}
      accessibilityTraits={undefined}
      accessible={true}
      hitSlop={undefined}
      onLayout={undefined}
      onResponderGrant={[Function]}
      onResponderMove={[Function]}
      onResponderRelease={[Function]}
      onResponderTerminate={[Function]}
      onResponderTerminationRequest={[Function]}
      onStartShouldSetResponder={[Function]}
      style={
        Object {
          "alignItems": "center",
          "backgroundColor": "white",
          "flexDirection": "row",
          "justifyContent": "space-between",
          "opacity": 1,
          "paddingLeft": 5,
          "paddingRight": 5,
        }
      }
      testID={undefined}
    >
      <View
        style={
          Object {
            "alignItems": "center",
            "flexDirection": "row",
          }
        }
      >
        <Image
          source={1}
          style={
            Object {
              "height": 30,
              "marginBottom": 10,
              "marginLeft": 10,
              "marginRight": 10,
              "marginTop": 10,
              "width": 30,
            }
          }
        />
        <Text
          accessible={true}
          allowFontScaling={true}
          ellipsizeMode="tail"
          style={
            Array [
              Object {
                "color": undefined,
                "fontFamily": "HelveticaNeue",
                "fontSize": 20,
                "marginVertical": 10,
              },
              Object {},
            ]
          }
        >
          Bill Progress
        </Text>
      </View>
      <Image
        source={1}
        style={
          Object {
            "height": 20,
            "marginBottom": 15,
            "marginLeft": 15,
            "marginRight": 15,
            "marginTop": 15,
            "width": 20,
          }
        }
      />
    </View>
  </View>
  <View
    style={
      Array [
        Object {
          "borderBottomColor": "#D8D8D8",
          "borderBottomWidth": 1,
          "borderLeftColor": "#D8D8D8",
          "borderLeftWidth": 1,
        },
        Object {},
      ]
    }
  >
    <View
      accessibilityComponentType={undefined}
      accessibilityLabel={undefined}
      accessibilityTraits={undefined}
      accessible={true}
      hitSlop={undefined}
      onLayout={undefined}
      onResponderGrant={[Function]}
      onResponderMove={[Function]}
      onResponderRelease={[Function]}
      onResponderTerminate={[Function]}
      onResponderTerminationRequest={[Function]}
      onStartShouldSetResponder={[Function]}
      style={
        Object {
          "alignItems": "center",
          "backgroundColor": "white",
          "flexDirection": "row",
          "justifyContent": "flex-start",
          "opacity": 1,
          "paddingLeft": 5,
          "paddingRight": 5,
        }
      }
      testID={undefined}
    >
      <View
        style={
          Object {
            "alignItems": "center",
            "flexDirection": "row",
          }
        }
      >
        <Image
          source={1}
          style={
            Object {
              "height": 30,
              "marginBottom": 10,
              "marginLeft": 10,
              "marginRight": 10,
              "marginTop": 10,
              "width": 30,
            }
          }
        />
        <Text
          accessible={true}
          allowFontScaling={true}
          ellipsizeMode="tail"
          style={
            Array [
              Object {
                "color": undefined,
                "fontFamily": "HelveticaNeue",
                "fontSize": 20,
                "marginVertical": 10,
              },
              Object {},
            ]
          }
        >
          Date Introduced
        </Text>
      </View>
    </View>
  </View>
  <View
    style={
      Array [
        Object {
          "borderBottomColor": "#D8D8D8",
          "borderBottomWidth": 1,
          "borderLeftColor": "#D8D8D8",
          "borderLeftWidth": 1,
        },
        Object {},
      ]
    }
  >
    <View
      accessibilityComponentType={undefined}
      accessibilityLabel={undefined}
      accessibilityTraits={undefined}
      accessible={true}
      hitSlop={undefined}
      onLayout={undefined}
      onResponderGrant={[Function]}
      onResponderMove={[Function]}
      onResponderRelease={[Function]}
      onResponderTerminate={[Function]}
      onResponderTerminationRequest={[Function]}
      onStartShouldSetResponder={[Function]}
      style={
        Object {
          "alignItems": "center",
          "backgroundColor": "white",
          "flexDirection": "row",
          "justifyContent": "flex-start",
          "opacity": 1,
          "paddingLeft": 5,
          "paddingRight": 5,
        }
      }
      testID={undefined}
    >
      <View
        style={
          Object {
            "alignItems": "center",
            "flexDirection": "row",
          }
        }
      >
        <Image
          source={1}
          style={
            Object {
              "height": 30,
              "marginBottom": 10,
              "marginLeft": 10,
              "marginRight": 10,
              "marginTop": 10,
              "width": 30,
            }
          }
        />
        <Text
          accessible={true}
          allowFontScaling={true}
          ellipsizeMode="tail"
          style={
            Array [
              Object {
                "color": undefined,
                "fontFamily": "HelveticaNeue",
                "fontSize": 20,
                "marginVertical": 10,
              },
              Object {},
            ]
          }
        >
          Last Action
        </Text>
      </View>
    </View>
  </View>
  <View
    style={
      Array [
        Object {
          "borderBottomColor": "#D8D8D8",
          "borderBottomWidth": 1,
          "borderLeftColor": "#D8D8D8",
          "borderLeftWidth": 1,
        },
        Object {
          "borderBottomColor": "#466891",
          "borderLeftColor": "#466891",
        },
      ]
    }
  >
    <View
      accessibilityComponentType={undefined}
      accessibilityLabel={undefined}
      accessibilityTraits={undefined}
      accessible={true}
      hitSlop={undefined}
      onLayout={undefined}
      onResponderGrant={[Function]}
      onResponderMove={[Function]}
      onResponderRelease={[Function]}
      onResponderTerminate={[Function]}
      onResponderTerminationRequest={[Function]}
      onStartShouldSetResponder={[Function]}
      style={
        Object {
          "alignItems": "center",
          "backgroundColor": "#466891",
          "flexDirection": "row",
          "justifyContent": "space-between",
          "opacity": 1,
          "paddingLeft": 5,
          "paddingRight": 5,
        }
      }
      testID={undefined}
    >
      <View
        style={
          Object {
            "alignItems": "center",
            "flexDirection": "row",
          }
        }
      >
        <Text
          accessible={true}
          allowFontScaling={true}
          ellipsizeMode="tail"
          style={
            Array [
              Object {
                "color": undefined,
                "fontFamily": "HelveticaNeue",
                "fontSize": 20,
                "marginVertical": 10,
              },
              Object {
                "color": "white",
              },
            ]
          }
        >
          Filter By Status:
        </Text>
      </View>
    </View>
  </View>
  <View
    style={
      Array [
        Object {
          "borderBottomColor": "#D8D8D8",
          "borderBottomWidth": 1,
          "borderLeftColor": "#D8D8D8",
          "borderLeftWidth": 1,
        },
        Object {},
      ]
    }
  >
    <View
      accessibilityComponentType={undefined}
      accessibilityLabel={undefined}
      accessibilityTraits={undefined}
      accessible={true}
      hitSlop={undefined}
      onLayout={undefined}
      onResponderGrant={[Function]}
      onResponderMove={[Function]}
      onResponderRelease={[Function]}
      onResponderTerminate={[Function]}
      onResponderTerminationRequest={[Function]}
      onStartShouldSetResponder={[Function]}
      style={
        Object {
          "alignItems": "center",
          "backgroundColor": "white",
          "flexDirection": "row",
          "justifyContent": "space-between",
          "opacity": 1,
          "paddingLeft": 5,
          "paddingRight": 5,
        }
      }
      testID={undefined}
    >
      <View
        style={
          Object {
            "alignItems": "center",
            "flexDirection": "row",
          }
        }
      >
        <Image
          source={1}
          style={
            Object {
              "height": 30,
              "marginBottom": 10,
              "marginLeft": 10,
              "marginRight": 10,
              "marginTop": 10,
              "width": 30,
            }
          }
        />
        <Text
          accessible={true}
          allowFontScaling={true}
          ellipsizeMode="tail"
          style={
            Array [
              Object {
                "color": undefined,
                "fontFamily": "HelveticaNeue",
                "fontSize": 20,
                "marginVertical": 10,
              },
              Object {},
            ]
          }
        >
          Active
        </Text>
      </View>
      <Image
        source={1}
        style={
          Object {
            "height": 20,
            "marginBottom": 15,
            "marginLeft": 15,
            "marginRight": 15,
            "marginTop": 15,
            "width": 20,
          }
        }
      />
    </View>
  </View>
  <View
    style={
      Array [
        Object {
          "borderBottomColor": "#D8D8D8",
          "borderBottomWidth": 1,
          "borderLeftColor": "#D8D8D8",
          "borderLeftWidth": 1,
        },
        Object {},
      ]
    }
  >
    <View
      accessibilityComponentType={undefined}
      accessibilityLabel={undefined}
      accessibilityTraits={undefined}
      accessible={true}
      hitSlop={undefined}
      onLayout={undefined}
      onResponderGrant={[Function]}
      onResponderMove={[Function]}
      onResponderRelease={[Function]}
      onResponderTerminate={[Function]}
      onResponderTerminationRequest={[Function]}
      onStartShouldSetResponder={[Function]}
      style={
        Object {
          "alignItems": "center",
          "backgroundColor": "white",
          "flexDirection": "row",
          "justifyContent": "flex-start",
          "opacity": 1,
          "paddingLeft": 5,
          "paddingRight": 5,
        }
      }
      testID={undefined}
    >
      <View
        style={
          Object {
            "alignItems": "center",
            "flexDirection": "row",
          }
        }
      >
        <Image
          source={1}
          style={
            Object {
              "height": 30,
              "marginBottom": 10,
              "marginLeft": 10,
              "marginRight": 10,
              "marginTop": 10,
              "width": 30,
            }
          }
        />
        <Text
          accessible={true}
          allowFontScaling={true}
          ellipsizeMode="tail"
          style={
            Array [
              Object {
                "color": undefined,
                "fontFamily": "HelveticaNeue",
                "fontSize": 20,
                "marginVertical": 10,
              },
              Object {},
            ]
          }
        >
          Tabled
        </Text>
      </View>
    </View>
  </View>
  <View
    style={
      Array [
        Object {
          "borderBottomColor": "#D8D8D8",
          "borderBottomWidth": 1,
          "borderLeftColor": "#D8D8D8",
          "borderLeftWidth": 1,
        },
        Object {},
      ]
    }
  >
    <View
      accessibilityComponentType={undefined}
      accessibilityLabel={undefined}
      accessibilityTraits={undefined}
      accessible={true}
      hitSlop={undefined}
      onLayout={undefined}
      onResponderGrant={[Function]}
      onResponderMove={[Function]}
      onResponderRelease={[Function]}
      onResponderTerminate={[Function]}
      onResponderTerminationRequest={[Function]}
      onStartShouldSetResponder={[Function]}
      style={
        Object {
          "alignItems": "center",
          "backgroundColor": "white",
          "flexDirection": "row",
          "justifyContent": "flex-start",
          "opacity": 1,
          "paddingLeft": 5,
          "paddingRight": 5,
        }
      }
      testID={undefined}
    >
      <View
        style={
          Object {
            "alignItems": "center",
            "flexDirection": "row",
          }
        }
      >
        <Image
          source={1}
          style={
            Object {
              "height": 30,
              "marginBottom": 10,
              "marginLeft": 10,
              "marginRight": 10,
              "marginTop": 10,
              "width": 30,
            }
          }
        />
        <Text
          accessible={true}
          allowFontScaling={true}
          ellipsizeMode="tail"
          style={
            Array [
              Object {
                "color": undefined,
                "fontFamily": "HelveticaNeue",
                "fontSize": 20,
                "marginVertical": 10,
              },
              Object {},
            ]
          }
        >
          Failed
        </Text>
      </View>
    </View>
  </View>
  <View
    style={
      Array [
        Object {
          "borderBottomColor": "#D8D8D8",
          "borderBottomWidth": 1,
          "borderLeftColor": "#D8D8D8",
          "borderLeftWidth": 1,
        },
        Object {},
      ]
    }
  >
    <View
      accessibilityComponentType={undefined}
      accessibilityLabel={undefined}
      accessibilityTraits={undefined}
      accessible={true}
      hitSlop={undefined}
      onLayout={undefined}
      onResponderGrant={[Function]}
      onResponderMove={[Function]}
      onResponderRelease={[Function]}
      onResponderTerminate={[Function]}
      onResponderTerminationRequest={[Function]}
      onStartShouldSetResponder={[Function]}
      style={
        Object {
          "alignItems": "center",
          "backgroundColor": "white",
          "flexDirection": "row",
          "justifyContent": "flex-start",
          "opacity": 1,
          "paddingLeft": 5,
          "paddingRight": 5,
        }
      }
      testID={undefined}
    >
      <View
        style={
          Object {
            "alignItems": "center",
            "flexDirection": "row",
          }
        }
      >
        <Image
          source={1}
          style={
            Object {
              "height": 30,
              "marginBottom": 10,
              "marginLeft": 10,
              "marginRight": 10,
              "marginTop": 10,
              "width": 30,
            }
          }
        />
        <Text
          accessible={true}
          allowFontScaling={true}
          ellipsizeMode="tail"
          style={
            Array [
              Object {
                "color": undefined,
                "fontFamily": "HelveticaNeue",
                "fontSize": 20,
                "marginVertical": 10,
              },
              Object {},
            ]
          }
        >
          Enacted
        </Text>
      </View>
    </View>
  </View>
  <View
    style={
      Array [
        Object {
          "borderBottomColor": "#D8D8D8",
          "borderBottomWidth": 1,
          "borderLeftColor": "#D8D8D8",
          "borderLeftWidth": 1,
        },
        Object {},
      ]
    }
  >
    <View
      accessibilityComponentType={undefined}
      accessibilityLabel={undefined}
      accessibilityTraits={undefined}
      accessible={true}
      hitSlop={undefined}
      onLayout={undefined}
      onResponderGrant={[Function]}
      onResponderMove={[Function]}
      onResponderRelease={[Function]}
      onResponderTerminate={[Function]}
      onResponderTerminationRequest={[Function]}
      onStartShouldSetResponder={[Function]}
      style={
        Object {
          "alignItems": "center",
          "backgroundColor": "white",
          "flexDirection": "row",
          "justifyContent": "flex-start",
          "opacity": 1,
          "paddingLeft": 5,
          "paddingRight": 5,
        }
      }
      testID={undefined}
    >
      <View
        style={
          Object {
            "alignItems": "center",
            "flexDirection": "row",
          }
        }
      >
        <Image
          source={1}
          style={
            Object {
              "height": 30,
              "marginBottom": 10,
              "marginLeft": 10,
              "marginRight": 10,
              "marginTop": 10,
              "width": 30,
            }
          }
        />
        <Text
          accessible={true}
          allowFontScaling={true}
          ellipsizeMode="tail"
          style={
            Array [
              Object {
                "color": undefined,
                "fontFamily": "HelveticaNeue",
                "fontSize": 20,
                "marginVertical": 10,
              },
              Object {},
            ]
          }
        >
          My Bills
        </Text>
      </View>
    </View>
  </View>
  <View
    style={
      Array [
        Object {
          "borderBottomColor": "#D8D8D8",
          "borderBottomWidth": 1,
          "borderLeftColor": "#D8D8D8",
          "borderLeftWidth": 1,
        },
        Object {
          "borderBottomColor": "#466891",
          "borderLeftColor": "#466891",
        },
      ]
    }
  >
    <View
      accessibilityComponentType={undefined}
      accessibilityLabel={undefined}
      accessibilityTraits={undefined}
      accessible={true}
      hitSlop={undefined}
      onLayout={undefined}
      onResponderGrant={[Function]}
      onResponderMove={[Function]}
      onResponderRelease={[Function]}
      onResponderTerminate={[Function]}
      onResponderTerminationRequest={[Function]}
      onStartShouldSetResponder={[Function]}
      style={
        Object {
          "alignItems": "center",
          "backgroundColor": "#466891",
          "flexDirection": "row",
          "justifyContent": "space-between",
          "opacity": 1,
          "paddingLeft": 5,
          "paddingRight": 5,
        }
      }
      testID={undefined}
    >
      <View
        style={
          Object {
            "alignItems": "center",
            "flexDirection": "row",
          }
        }
      >
        <Text
          accessible={true}
          allowFontScaling={true}
          ellipsizeMode="tail"
          style={
            Array [
              Object {
                "color": undefined,
                "fontFamily": "HelveticaNeue",
                "fontSize": 20,
                "marginVertical": 10,
              },
              Object {
                "color": "white",
              },
            ]
          }
        >
          Filter By Issue:
        </Text>
      </View>
    </View>
  </View>
  <View
    style={
      Array [
        Object {
          "borderBottomColor": "#D8D8D8",
          "borderBottomWidth": 1,
          "borderLeftColor": "#D8D8D8",
          "borderLeftWidth": 1,
        },
        Object {},
      ]
    }
  >
    <View
      accessibilityComponentType={undefined}
      accessibilityLabel={undefined}
      accessibilityTraits={undefined}
      accessible={true}
      hitSlop={undefined}
      onLayout={undefined}
      onResponderGrant={[Function]}
      onResponderMove={[Function]}
      onResponderRelease={[Function]}
      onResponderTerminate={[Function]}
      onResponderTerminationRequest={[Function]}
      onStartShouldSetResponder={[Function]}
      style={
        Object {
          "alignItems": "center",
          "backgroundColor": "white",
          "flexDirection": "row",
          "justifyContent": "flex-start",
          "opacity": 1,
          "paddingLeft": 5,
          "paddingRight": 5,
        }
      }
      testID={undefined}
    >
      <View
        style={
          Object {
            "alignItems": "center",
            "flexDirection": "row",
          }
        }
      >
        <Image
          source={1}
          style={
            Object {
              "height": 30,
              "marginBottom": 10,
              "marginLeft": 10,
              "marginRight": 10,
              "marginTop": 10,
              "width": 30,
            }
          }
        />
        <Text
          accessible={true}
          allowFontScaling={true}
          ellipsizeMode="tail"
          style={
            Array [
              Object {
                "color": undefined,
                "fontFamily": "HelveticaNeue",
                "fontSize": 20,
                "marginVertical": 10,
              },
              Object {},
            ]
          }
        >
          Education
        </Text>
      </View>
    </View>
  </View>
  <View
    style={
      Array [
        Object {
          "borderBottomColor": "#D8D8D8",
          "borderBottomWidth": 1,
          "borderLeftColor": "#D8D8D8",
          "borderLeftWidth": 1,
        },
        Object {},
      ]
    }
  >
    <View
      accessibilityComponentType={undefined}
      accessibilityLabel={undefined}
      accessibilityTraits={undefined}
      accessible={true}
      hitSlop={undefined}
      onLayout={undefined}
      onResponderGrant={[Function]}
      onResponderMove={[Function]}
      onResponderRelease={[Function]}
      onResponderTerminate={[Function]}
      onResponderTerminationRequest={[Function]}
      onStartShouldSetResponder={[Function]}
      style={
        Object {
          "alignItems": "center",
          "backgroundColor": "white",
          "flexDirection": "row",
          "justifyContent": "flex-start",
          "opacity": 1,
          "paddingLeft": 5,
          "paddingRight": 5,
        }
      }
      testID={undefined}
    >
      <View
        style={
          Object {
            "alignItems": "center",
            "flexDirection": "row",
          }
        }
      >
        <Image
          source={1}
          style={
            Object {
              "height": 30,
              "marginBottom": 10,
              "marginLeft": 10,
              "marginRight": 10,
              "marginTop": 10,
              "width": 30,
            }
          }
        />
        <Text
          accessible={true}
          allowFontScaling={true}
          ellipsizeMode="tail"
          style={
            Array [
              Object {
                "color": undefined,
                "fontFamily": "HelveticaNeue",
                "fontSize": 20,
                "marginVertical": 10,
              },
              Object {},
            ]
          }
        >
          Health Care
        </Text>
      </View>
    </View>
  </View>
  <View
    style={
      Array [
        Object {
          "borderBottomColor": "#D8D8D8",
          "borderBottomWidth": 1,
          "borderLeftColor": "#D8D8D8",
          "borderLeftWidth": 1,
        },
        Object {},
      ]
    }
  >
    <View
      accessibilityComponentType={undefined}
      accessibilityLabel={undefined}
      accessibilityTraits={undefined}
      accessible={true}
      hitSlop={undefined}
      onLayout={undefined}
      onResponderGrant={[Function]}
      onResponderMove={[Function]}
      onResponderRelease={[Function]}
      onResponderTerminate={[Function]}
      onResponderTerminationRequest={[Function]}
      onStartShouldSetResponder={[Function]}
      style={
        Object {
          "alignItems": "center",
          "backgroundColor": "white",
          "flexDirection": "row",
          "justifyContent": "flex-start",
          "opacity": 1,
          "paddingLeft": 5,
          "paddingRight": 5,
        }
      }
      testID={undefined}
    >
      <View
        style={
          Object {
            "alignItems": "center",
            "flexDirection": "row",
          }
        }
      >
        <Image
          source={1}
          style={
            Object {
              "height": 30,
              "marginBottom": 10,
              "marginLeft": 10,
              "marginRight": 10,
              "marginTop": 10,
              "width": 30,
            }
          }
        />
        <Text
          accessible={true}
          allowFontScaling={true}
          ellipsizeMode="tail"
          style={
            Array [
              Object {
                "color": undefined,
                "fontFamily": "HelveticaNeue",
                "fontSize": 20,
                "marginVertical": 10,
              },
              Object {},
            ]
          }
        >
          Energy
        </Text>
      </View>
    </View>
  </View>
  <View
    style={
      Array [
        Object {
          "borderBottomColor": "#D8D8D8",
          "borderBottomWidth": 1,
          "borderLeftColor": "#D8D8D8",
          "borderLeftWidth": 1,
        },
        Object {},
      ]
    }
  >
    <View
      accessibilityComponentType={undefined}
      accessibilityLabel={undefined}
      accessibilityTraits={undefined}
      accessible={true}
      hitSlop={undefined}
      onLayout={undefined}
      onResponderGrant={[Function]}
      onResponderMove={[Function]}
      onResponderRelease={[Function]}
      onResponderTerminate={[Function]}
      onResponderTerminationRequest={[Function]}
      onStartShouldSetResponder={[Function]}
      style={
        Object {
          "alignItems": "center",
          "backgroundColor": "white",
          "flexDirection": "row",
          "justifyContent": "flex-start",
          "opacity": 1,
          "paddingLeft": 5,
          "paddingRight": 5,
        }
      }
      testID={undefined}
    >
      <View
        style={
          Object {
            "alignItems": "center",
            "flexDirection": "row",
          }
        }
      >
        <Image
          source={1}
          style={
            Object {
              "height": 30,
              "marginBottom": 10,
              "marginLeft": 10,
              "marginRight": 10,
              "marginTop": 10,
              "width": 30,
            }
          }
        />
        <Text
          accessible={true}
          allowFontScaling={true}
          ellipsizeMode="tail"
          style={
            Array [
              Object {
                "color": undefined,
                "fontFamily": "HelveticaNeue",
                "fontSize": 20,
                "marginVertical": 10,
              },
              Object {},
            ]
          }
        >
          Environment
        </Text>
      </View>
    </View>
  </View>
  <View
    style={
      Array [
        Object {
          "borderBottomColor": "#D8D8D8",
          "borderBottomWidth": 1,
          "borderLeftColor": "#D8D8D8",
          "borderLeftWidth": 1,
        },
        Object {},
      ]
    }
  >
    <View
      accessibilityComponentType={undefined}
      accessibilityLabel={undefined}
      accessibilityTraits={undefined}
      accessible={true}
      hitSlop={undefined}
      onLayout={undefined}
      onResponderGrant={[Function]}
      onResponderMove={[Function]}
      onResponderRelease={[Function]}
      onResponderTerminate={[Function]}
      onResponderTerminationRequest={[Function]}
      onStartShouldSetResponder={[Function]}
      style={
        Object {
          "alignItems": "center",
          "backgroundColor": "white",
          "flexDirection": "row",
          "justifyContent": "flex-start",
          "opacity": 1,
          "paddingLeft": 5,
          "paddingRight": 5,
        }
      }
      testID={undefined}
    >
      <View
        style={
          Object {
            "alignItems": "center",
            "flexDirection": "row",
          }
        }
      >
        <Image
          source={1}
          style={
            Object {
              "height": 30,
              "marginBottom": 10,
              "marginLeft": 10,
              "marginRight": 10,
              "marginTop": 10,
              "width": 30,
            }
          }
        />
        <Text
          accessible={true}
          allowFontScaling={true}
          ellipsizeMode="tail"
          style={
            Array [
              Object {
                "color": undefined,
                "fontFamily": "HelveticaNeue",
                "fontSize": 20,
                "marginVertical": 10,
              },
              Object {},
            ]
          }
        >
          Military
        </Text>
      </View>
    </View>
  </View>
  <View
    style={
      Array [
        Object {
          "borderBottomColor": "#D8D8D8",
          "borderBottomWidth": 1,
          "borderLeftColor": "#D8D8D8",
          "borderLeftWidth": 1,
        },
        Object {},
      ]
    }
  >
    <View
      accessibilityComponentType={undefined}
      accessibilityLabel={undefined}
      accessibilityTraits={undefined}
      accessible={true}
      hitSlop={undefined}
      onLayout={undefined}
      onResponderGrant={[Function]}
      onResponderMove={[Function]}
      onResponderRelease={[Function]}
      onResponderTerminate={[Function]}
      onResponderTerminationRequest={[Function]}
      onStartShouldSetResponder={[Function]}
      style={
        Object {
          "alignItems": "center",
          "backgroundColor": "white",
          "flexDirection": "row",
          "justifyContent": "flex-start",
          "opacity": 1,
          "paddingLeft": 5,
          "paddingRight": 5,
        }
      }
      testID={undefined}
    >
      <View
        style={
          Object {
            "alignItems": "center",
            "flexDirection": "row",
          }
        }
      >
        <Image
          source={1}
          style={
            Object {
              "height": 30,
              "marginBottom": 10,
              "marginLeft": 10,
              "marginRight": 10,
              "marginTop": 10,
              "width": 30,
            }
          }
        />
        <Text
          accessible={true}
          allowFontScaling={true}
          ellipsizeMode="tail"
          style={
            Array [
              Object {
                "color": undefined,
                "fontFamily": "HelveticaNeue",
                "fontSize": 20,
                "marginVertical": 10,
              },
              Object {},
            ]
          }
        >
          East Asia
        </Text>
      </View>
    </View>
  </View>
  <View
    style={
      Array [
        Object {
          "borderBottomColor": "#D8D8D8",
          "borderBottomWidth": 1,
          "borderLeftColor": "#D8D8D8",
          "borderLeftWidth": 1,
        },
        Object {},
      ]
    }
  >
    <View
      accessibilityComponentType={undefined}
      accessibilityLabel={undefined}
      accessibilityTraits={undefined}
      accessible={true}
      hitSlop={undefined}
      onLayout={undefined}
      onResponderGrant={[Function]}
      onResponderMove={[Function]}
      onResponderRelease={[Function]}
      onResponderTerminate={[Function]}
      onResponderTerminationRequest={[Function]}
      onStartShouldSetResponder={[Function]}
      style={
        Object {
          "alignItems": "center",
          "backgroundColor": "white",
          "flexDirection": "row",
          "justifyContent": "flex-start",
          "opacity": 1,
          "paddingLeft": 5,
          "paddingRight": 5,
        }
      }
      testID={undefined}
    >
      <View
        style={
          Object {
            "alignItems": "center",
            "flexDirection": "row",
          }
        }
      >
        <Image
          source={1}
          style={
            Object {
              "height": 30,
              "marginBottom": 10,
              "marginLeft": 10,
              "marginRight": 10,
              "marginTop": 10,
              "width": 30,
            }
          }
        />
        <Text
          accessible={true}
          allowFontScaling={true}
          ellipsizeMode="tail"
          style={
            Array [
              Object {
                "color": undefined,
                "fontFamily": "HelveticaNeue",
                "fontSize": 20,
                "marginVertical": 10,
              },
              Object {},
            ]
          }
        >
          Central Asia
        </Text>
      </View>
    </View>
  </View>
  <View
    style={
      Array [
        Object {
          "borderBottomColor": "#D8D8D8",
          "borderBottomWidth": 1,
          "borderLeftColor": "#D8D8D8",
          "borderLeftWidth": 1,
        },
        Object {},
      ]
    }
  >
    <View
      accessibilityComponentType={undefined}
      accessibilityLabel={undefined}
      accessibilityTraits={undefined}
      accessible={true}
      hitSlop={undefined}
      onLayout={undefined}
      onResponderGrant={[Function]}
      onResponderMove={[Function]}
      onResponderRelease={[Function]}
      onResponderTerminate={[Function]}
      onResponderTerminationRequest={[Function]}
      onStartShouldSetResponder={[Function]}
      style={
        Object {
          "alignItems": "center",
          "backgroundColor": "white",
          "flexDirection": "row",
          "justifyContent": "flex-start",
          "opacity": 1,
          "paddingLeft": 5,
          "paddingRight": 5,
        }
      }
      testID={undefined}
    >
      <View
        style={
          Object {
            "alignItems": "center",
            "flexDirection": "row",
          }
        }
      >
        <Image
          source={1}
          style={
            Object {
              "height": 30,
              "marginBottom": 10,
              "marginLeft": 10,
              "marginRight": 10,
              "marginTop": 10,
              "width": 30,
            }
          }
        />
        <Text
          accessible={true}
          allowFontScaling={true}
          ellipsizeMode="tail"
          style={
            Array [
              Object {
                "color": undefined,
                "fontFamily": "HelveticaNeue",
                "fontSize": 20,
                "marginVertical": 10,
              },
              Object {},
            ]
          }
        >
          Middle East
        </Text>
      </View>
    </View>
  </View>
  <View
    style={
      Array [
        Object {
          "borderBottomColor": "#D8D8D8",
          "borderBottomWidth": 1,
          "borderLeftColor": "#D8D8D8",
          "borderLeftWidth": 1,
        },
        Object {},
      ]
    }
  >
    <View
      accessibilityComponentType={undefined}
      accessibilityLabel={undefined}
      accessibilityTraits={undefined}
      accessible={true}
      hitSlop={undefined}
      onLayout={undefined}
      onResponderGrant={[Function]}
      onResponderMove={[Function]}
      onResponderRelease={[Function]}
      onResponderTerminate={[Function]}
      onResponderTerminationRequest={[Function]}
      onStartShouldSetResponder={[Function]}
      style={
        Object {
          "alignItems": "center",
          "backgroundColor": "white",
          "flexDirection": "row",
          "justifyContent": "flex-start",
          "opacity": 1,
          "paddingLeft": 5,
          "paddingRight": 5,
        }
      }
      testID={undefined}
    >
      <View
        style={
          Object {
            "alignItems": "center",
            "flexDirection": "row",
          }
        }
      >
        <Image
          source={1}
          style={
            Object {
              "height": 30,
              "marginBottom": 10,
              "marginLeft": 10,
              "marginRight": 10,
              "marginTop": 10,
              "width": 30,
            }
          }
        />
        <Text
          accessible={true}
          allowFontScaling={true}
          ellipsizeMode="tail"
          style={
            Array [
              Object {
                "color": undefined,
                "fontFamily": "HelveticaNeue",
                "fontSize": 20,
                "marginVertical": 10,
              },
              Object {},
            ]
          }
        >
          Economy
        </Text>
      </View>
    </View>
  </View>
  <View
    style={
      Array [
        Object {
          "borderBottomColor": "#D8D8D8",
          "borderBottomWidth": 1,
          "borderLeftColor": "#D8D8D8",
          "borderLeftWidth": 1,
        },
        Object {},
      ]
    }
  >
    <View
      accessibilityComponentType={undefined}
      accessibilityLabel={undefined}
      accessibilityTraits={undefined}
      accessible={true}
      hitSlop={undefined}
      onLayout={undefined}
      onResponderGrant={[Function]}
      onResponderMove={[Function]}
      onResponderRelease={[Function]}
      onResponderTerminate={[Function]}
      onResponderTerminationRequest={[Function]}
      onStartShouldSetResponder={[Function]}
      style={
        Object {
          "alignItems": "center",
          "backgroundColor": "white",
          "flexDirection": "row",
          "justifyContent": "flex-start",
          "opacity": 1,
          "paddingLeft": 5,
          "paddingRight": 5,
        }
      }
      testID={undefined}
    >
      <View
        style={
          Object {
            "alignItems": "center",
            "flexDirection": "row",
          }
        }
      >
        <Image
          source={1}
          style={
            Object {
              "height": 30,
              "marginBottom": 10,
              "marginLeft": 10,
              "marginRight": 10,
              "marginTop": 10,
              "width": 30,
            }
          }
        />
        <Text
          accessible={true}
          allowFontScaling={true}
          ellipsizeMode="tail"
          style={
            Array [
              Object {
                "color": undefined,
                "fontFamily": "HelveticaNeue",
                "fontSize": 20,
                "marginVertical": 10,
              },
              Object {},
            ]
          }
        >
          Agriculture
        </Text>
      </View>
    </View>
  </View>
  <View
    style={
      Array [
        Object {
          "borderBottomColor": "#D8D8D8",
          "borderBottomWidth": 1,
          "borderLeftColor": "#D8D8D8",
          "borderLeftWidth": 1,
        },
        Object {},
      ]
    }
  >
    <View
      accessibilityComponentType={undefined}
      accessibilityLabel={undefined}
      accessibilityTraits={undefined}
      accessible={true}
      hitSlop={undefined}
      onLayout={undefined}
      onResponderGrant={[Function]}
      onResponderMove={[Function]}
      onResponderRelease={[Function]}
      onResponderTerminate={[Function]}
      onResponderTerminationRequest={[Function]}
      onStartShouldSetResponder={[Function]}
      style={
        Object {
          "alignItems": "center",
          "backgroundColor": "white",
          "flexDirection": "row",
          "justifyContent": "flex-start",
          "opacity": 1,
          "paddingLeft": 5,
          "paddingRight": 5,
        }
      }
      testID={undefined}
    >
      <View
        style={
          Object {
            "alignItems": "center",
            "flexDirection": "row",
          }
        }
      >
        <Image
          source={1}
          style={
            Object {
              "height": 30,
              "marginBottom": 10,
              "marginLeft": 10,
              "marginRight": 10,
              "marginTop": 10,
              "width": 30,
            }
          }
        />
        <Text
          accessible={true}
          allowFontScaling={true}
          ellipsizeMode="tail"
          style={
            Array [
              Object {
                "color": undefined,
                "fontFamily": "HelveticaNeue",
                "fontSize": 20,
                "marginVertical": 10,
              },
              Object {},
            ]
          }
        >
          Crime
        </Text>
      </View>
    </View>
  </View>
  <View
    style={
      Array [
        Object {
          "borderBottomColor": "#D8D8D8",
          "borderBottomWidth": 1,
          "borderLeftColor": "#D8D8D8",
          "borderLeftWidth": 1,
        },
        Object {},
      ]
    }
  >
    <View
      accessibilityComponentType={undefined}
      accessibilityLabel={undefined}
      accessibilityTraits={undefined}
      accessible={true}
      hitSlop={undefined}
      onLayout={undefined}
      onResponderGrant={[Function]}
      onResponderMove={[Function]}
      onResponderRelease={[Function]}
      onResponderTerminate={[Function]}
      onResponderTerminationRequest={[Function]}
      onStartShouldSetResponder={[Function]}
      style={
        Object {
          "alignItems": "center",
          "backgroundColor": "white",
          "flexDirection": "row",
          "justifyContent": "flex-start",
          "opacity": 1,
          "paddingLeft": 5,
          "paddingRight": 5,
        }
      }
      testID={undefined}
    >
      <View
        style={
          Object {
            "alignItems": "center",
            "flexDirection": "row",
          }
        }
      >
        <Image
          source={1}
          style={
            Object {
              "height": 30,
              "marginBottom": 10,
              "marginLeft": 10,
              "marginRight": 10,
              "marginTop": 10,
              "width": 30,
            }
          }
        />
        <Text
          accessible={true}
          allowFontScaling={true}
          ellipsizeMode="tail"
          style={
            Array [
              Object {
                "color": undefined,
                "fontFamily": "HelveticaNeue",
                "fontSize": 20,
                "marginVertical": 10,
              },
              Object {},
            ]
          }
        >
          Women
        </Text>
      </View>
    </View>
  </View>
  <View
    style={
      Array [
        Object {
          "borderBottomColor": "#D8D8D8",
          "borderBottomWidth": 1,
          "borderLeftColor": "#D8D8D8",
          "borderLeftWidth": 1,
        },
        Object {},
      ]
    }
  >
    <View
      accessibilityComponentType={undefined}
      accessibilityLabel={undefined}
      accessibilityTraits={undefined}
      accessible={true}
      hitSlop={undefined}
      onLayout={undefined}
      onResponderGrant={[Function]}
      onResponderMove={[Function]}
      onResponderRelease={[Function]}
      onResponderTerminate={[Function]}
      onResponderTerminationRequest={[Function]}
      onStartShouldSetResponder={[Function]}
      style={
        Object {
          "alignItems": "center",
          "backgroundColor": "white",
          "flexDirection": "row",
          "justifyContent": "flex-start",
          "opacity": 1,
          "paddingLeft": 5,
          "paddingRight": 5,
        }
      }
      testID={undefined}
    >
      <View
        style={
          Object {
            "alignItems": "center",
            "flexDirection": "row",
          }
        }
      >
        <Image
          source={1}
          style={
            Object {
              "height": 30,
              "marginBottom": 10,
              "marginLeft": 10,
              "marginRight": 10,
              "marginTop": 10,
              "width": 30,
            }
          }
        />
        <Text
          accessible={true}
          allowFontScaling={true}
          ellipsizeMode="tail"
          style={
            Array [
              Object {
                "color": undefined,
                "fontFamily": "HelveticaNeue",
                "fontSize": 20,
                "marginVertical": 10,
              },
              Object {},
            ]
          }
        >
          LGBT
        </Text>
      </View>
    </View>
  </View>
</ScrollView>
`;
